tts_cl	ts_cl.ita
ddZ_rl	dZ_rl.ita
ddZ_cl	dZ_cl.ita
ddz_cl	ts_cl.ita
ddz_rl	dz.hun
pp_rl	p_rl.ita
gg_rl	g_rl.ita
gg_cl	g_cl.ita
dz_rl	ts_rl.ita
dz_cl	ts_cl.ita
dd_rl	d_rl.ita
bb_rl	b.deu
bb_cl	<p:>.deu
tt_j	t.deu
ts_j	ts.hun
ss_j	ss.ita
nn_j	nn.ita
ll_j	ll.ita
dz_j	dz.hun
b_rl	p_rl.ita
b_cl	p_cl.ita
z_j	z.deu
ttS	tS.aus
tts	ts.hun
ddz	dz.hun
t_j	t.deu
d_j	d.deu
t_h	t.deu
s_j	s.deu
p_h	p.deu
o:i	oi.ita
O:~	O.deu
o:~	o:.deu
g_j	g.hun
k_j	k.deu
p_j	p.deu
n_j	n.deu
l_j	l.deu
x_j	x.deu
k_h	k.deu
s`	S.aus
z`	Z.aus
ts`	tS.aus
dz`	dZ.aus
e:u	OY.deu
ei:	ei.ita
e:i	ei.ita
E:~	E:.deu
ddZ	dZ.aus
Au:	aU.deu
Ao:	aU.deu
Ai:	ai.ita
a:i	ai.ita
Ae:	Ae.aus
a:~	a:.deu
7u:	@U.aus
7o:	@U.aus
2i:	oi.ita
Ii:	i:.aus
QI	OI.aus
U}	u:.aus
VU	@U.aus
Vi	aI.aus
{o	{O.aus
yy	y:.deu
yu	ju.ita
X-	x.deu
vv	v.deu
uu	u.aus
ui	oi.ita
tt	t.deu
r-	r.deu
pp	p.deu
pf	f.deu
p-	p.deu
oU	@U.aus
oo	o.deu
O~	O.deu
o~	o.deu
i~	i:.deu
u~	u:.deu
M-	U.deu
kk	k.deu
JJ	J.hun
jj	j.deu
j-	j.deu
iu	ju.ita
ii	i:.deu
hh	h.deu
h-	h.deu
gg	g.deu
ff	f.deu
eU	OY.deu
EI	eI.aus
ee	e:.deu
E~	E:.deu
e~	e:.deu
dd	d.deu
bb	b.deu
Au	aU.deu
Ai	aI.deu
AA	A:.aus
a~	a.deu
9y	OI.aus
9:	P9.deu
9~	P9.deu
7u	@U.aus
77	@.deu
2i	oi.ita
22	P2:.deu
{{	E:.deu
?-	x.deu
y	y:.deu
w	v.deu
R	r.deu
q	k.deu
P	v.deu
M	U.deu
L	LL.ita
H	v.deu
G	g.deu
F	n.deu
B	v.deu
8	U.deu
7	@.deu
5	l.deu
4	r.deu
3	P2:.deu
2	P2:.deu
1	I.deu
&	{.aus
}	u:.deu
