A:.aus
a:.deu
a.deu
Ae.aus
a:.hun
a.hun
A.hun
aI.aus
aI.deu
aI.hun
ai.ita
a.ita
aU.aus
aU.deu
aU.hun
<.aus
>.aus
?.aus
{.aus
}:.aus
@.aus
@}.aus
b.aus
b.deu
b.hun
b.ita
C.aus
C.deu
c.hun
C.hun
d.aus
D.aus
d_cl.ita
dd_cl.ita
d.deu
<.deu
>.deu
?.deu
@.deu
d.hun
d.ita
D.ita
d_rl.ita
dZ.aus
dZ_cl.ita
dz.hun
dZ.hun
dZ_rl.ita
e:.aus
e.aus
e@.aus
E.aus
e:.deu
e.deu
E:.deu
E.deu
e:.hun
e.hun
E:.hun
E.hun
eI.aus
ei.ita
Ei.ita
e.ita
E.ita
f.aus
f.deu
f.hun
f.ita
g.aus
g_cl.ita
g.deu
g.hun
g.ita
g_rl.ita
h.aus
h.deu
h.hun
<.hun
>.hun
?.hun
@.hun
i:.aus
i.aus
{I.aus
I.aus
I@.aus
i:.deu
I.deu
i:.hun
I.hun
i.ita
io.ita
<.ita
>.ita
?.ita
@.ita
#.ita
ja.ita
j.aus
j.deu
j.hun
J-.hun
J.hun
jo.ita
ju.ita
k.aus
k_cl.ita
k.deu
k.hun
k.ita
kk_cl.ita
kk_rl.ita
k_rl.ita
l.aus
l.deu
l.hun
l.ita
ll.ita
LL.ita
m.aus
m.deu
m.hun
m.ita
mm.ita
n.aus
N.aus
n.deu
N.deu
n.hun
N.hun
<nib>.aus
<nib>.deu
<nib>.hun
n.ita
N.ita
nn.ita
o:.aus
{O.aus
O:.aus
O.aus
o:.deu
o.deu
O.deu
oE.ita
o:.hun
o.hun
O.hun
oI.aus
OI.aus
oi.ita
Oi.ita
o.ita
O.ita
OY.deu
OY.hun
P2:.deu
P2:.hun
P2:.ita
P3:.aus
P6:.aus
P6.aus
P6.deu
P6.hun
P9.deu
P9.hun
<p:>.aus
p.aus
p_cl.ita
<p:>.deu
p.deu
<p:>.hun
p.hun
<p:>.ita
p.ita
pp_cl.ita
p_rl.ita
Q.aus
r.aus
r.deu
r.hun
r.ita
rr.ita
s.aus
S.aus
s.deu
S.deu
s.hun
S.hun
s.ita
S.ita
ss.ita
SS.ita
t.aus
T.aus
t_cl.ita
t.deu
t.hun
t.ita
T.ita
t_rl.ita
tS.aus
ts_cl.ita
tS_cl.ita
ts.hun
tS.hun
ts_rl.ita
tS_rl.ita
tt_cl.ita
tt_rl.ita
ttS_cl.ita
tts_rl.ita
ttS_rl.ita
u:.aus
u.aus
@U.aus
U.aus
U@.aus
u:.deu
U.deu
ue.ita
u:.hun
U.hun
u.ita
<usb>.ita
v.aus
V.aus
v.deu
v.hun
v.ita
wa.ita
W.aus
we.ita
wi.ita
wO.ita
x.aus
x.deu
x.hun
y:.deu
Y.deu
y:.hun
Y.hun
y:.ita
z.aus
Z.aus
z.deu
Z.deu
z.hun
Z.hun
z.ita
